This is pdfTeX, Version 3.141592653-2.6-1.40.28 (TeX Live 2025/Debian) (preloaded format=pdflatex 2026.5.9)  11 MAY 2026 10:03
entering extended mode
 restricted \write18 enabled.
 %&-line parsing enabled.
**btp_report_template.tex
(./btp_report_template.tex
LaTeX2e <2025-11-01>
L3 programming layer <2026-01-19>
(/usr/share/texlive/texmf-dist/tex/latex/base/report.cls
Document Class: report 2025/01/22 v1.4n Standard LaTeX document class
(/usr/share/texlive/texmf-dist/tex/latex/base/size12.clo
File: size12.clo 2025/01/22 v1.4n Standard LaTeX file (size option)
)
\c@part=\count275
\c@chapter=\count276
\c@section=\count277
\c@subsection=\count278
\c@subsubsection=\count279
\c@paragraph=\count280
\c@subparagraph=\count281
\c@figure=\count282
\c@table=\count283
\abovecaptionskip=\skip49
\belowcaptionskip=\skip50
\bibindent=\dimen148
)
(/usr/share/texlive/texmf-dist/tex/latex/geometry/geometry.sty
Package: geometry 2020/01/02 v5.9 Page Geometry

(/usr/share/texlive/texmf-dist/tex/latex/graphics/keyval.sty
Package: keyval 2022/05/29 v1.15 key=value parser (DPC)
\KV@toks@=\toks17
)
(/usr/share/texlive/texmf-dist/tex/generic/iftex/ifvtex.sty
Package: ifvtex 2019/10/25 v1.7 ifvtex legacy package. Use iftex instead.

(/usr/share/texlive/texmf-dist/tex/generic/iftex/iftex.sty
Package: iftex 2024/12/12 v1.0g TeX engine tests
))
\Gm@cnth=\count284
\Gm@cntv=\count285
\c@Gm@tempcnt=\count286
\Gm@bindingoffset=\dimen149
\Gm@wd@mp=\dimen150
\Gm@odd@mp=\dimen151
\Gm@even@mp=\dimen152
\Gm@layoutwidth=\dimen153
\Gm@layoutheight=\dimen154
\Gm@layouthoffset=\dimen155
\Gm@layoutvoffset=\dimen156
\Gm@dimlist=\toks18
)
(/usr/share/texlive/texmf-dist/tex/latex/base/inputenc.sty
Package: inputenc 2024/02/08 v1.3d Input encoding file
\inpenc@prehook=\toks19
\inpenc@posthook=\toks20
)
(/usr/share/texlive/texmf-dist/tex/latex/psnfss/mathptmx.sty
Package: mathptmx 2020/03/25 PSNFSS-v9.3 Times w/ Math, improved (SPQR, WaS) 
LaTeX Font Info:    Redeclaring symbol font `operators' on input line 28.
LaTeX Font Info:    Overwriting symbol font `operators' in version `normal'
(Font)                  OT1/cmr/m/n --> OT1/ztmcm/m/n on input line 28.
LaTeX Font Info:    Overwriting symbol font `operators' in version `bold'
(Font)                  OT1/cmr/bx/n --> OT1/ztmcm/m/n on input line 28.
LaTeX Font Info:    Redeclaring symbol font `letters' on input line 29.
LaTeX Font Info:    Overwriting symbol font `letters' in version `normal'
(Font)                  OML/cmm/m/it --> OML/ztmcm/m/it on input line 29.
LaTeX Font Info:    Overwriting symbol font `letters' in version `bold'
(Font)                  OML/cmm/b/it --> OML/ztmcm/m/it on input line 29.
LaTeX Font Info:    Redeclaring symbol font `symbols' on input line 30.
LaTeX Font Info:    Overwriting symbol font `symbols' in version `normal'
(Font)                  OMS/cmsy/m/n --> OMS/ztmcm/m/n on input line 30.
LaTeX Font Info:    Overwriting symbol font `symbols' in version `bold'
(Font)                  OMS/cmsy/b/n --> OMS/ztmcm/m/n on input line 30.
LaTeX Font Info:    Redeclaring symbol font `largesymbols' on input line 31.
LaTeX Font Info:    Overwriting symbol font `largesymbols' in version `normal'
(Font)                  OMX/cmex/m/n --> OMX/ztmcm/m/n on input line 31.
LaTeX Font Info:    Overwriting symbol font `largesymbols' in version `bold'
(Font)                  OMX/cmex/m/n --> OMX/ztmcm/m/n on input line 31.
\symbold=\mathgroup4
\symitalic=\mathgroup5
LaTeX Font Info:    Redeclaring math alphabet \mathbf on input line 34.
LaTeX Font Info:    Overwriting math alphabet `\mathbf' in version `normal'
(Font)                  OT1/cmr/bx/n --> OT1/ptm/bx/n on input line 34.
LaTeX Font Info:    Overwriting math alphabet `\mathbf' in version `bold'
(Font)                  OT1/cmr/bx/n --> OT1/ptm/bx/n on input line 34.
LaTeX Font Info:    Redeclaring math alphabet \mathit on input line 35.
LaTeX Font Info:    Overwriting math alphabet `\mathit' in version `normal'
(Font)                  OT1/cmr/m/it --> OT1/ptm/m/it on input line 35.
LaTeX Font Info:    Overwriting math alphabet `\mathit' in version `bold'
(Font)                  OT1/cmr/bx/it --> OT1/ptm/m/it on input line 35.
LaTeX Info: Redefining \hbar on input line 50.
)
(/usr/share/texlive/texmf-dist/tex/latex/setspace/setspace.sty
Package: setspace 2022/12/04 v6.7b set line spacing
)
(/usr/share/texlive/texmf-dist/tex/latex/float/float.sty
Package: float 2001/11/08 v1.3d Float enhancements (AL)
\c@float@type=\count287
\float@exts=\toks21
\float@box=\box53
\@float@everytoks=\toks22
\@floatcapt=\box54
)
(/usr/share/texlive/texmf-dist/tex/latex/graphics/graphicx.sty
Package: graphicx 2024/12/31 v1.2e Enhanced LaTeX Graphics (DPC,SPQR)

(/usr/share/texlive/texmf-dist/tex/latex/graphics/graphics.sty
Package: graphics 2024/08/06 v1.4g Standard LaTeX Graphics (DPC,SPQR)

(/usr/share/texlive/texmf-dist/tex/latex/graphics/trig.sty
Package: trig 2023/12/02 v1.11 sin cos tan (DPC)
)
(/usr/share/texlive/texmf-dist/tex/latex/graphics-cfg/graphics.cfg
File: graphics.cfg 2016/06/04 v1.11 sample graphics configuration
)
Package graphics Info: Driver file: pdftex.def on input line 106.

(/usr/share/texlive/texmf-dist/tex/latex/graphics-def/pdftex.def
File: pdftex.def 2025/09/29 v1.2d Graphics/color driver for pdftex
))
\Gin@req@height=\dimen157
\Gin@req@width=\dimen158
)
(/usr/share/texlive/texmf-dist/tex/latex/tocloft/tocloft.sty
Package: tocloft 2017/08/31 v2.3i parameterised ToC, etc., typesetting
Package tocloft Info: The document has chapter divisions on input line 51.
\cftparskip=\skip51
\cftbeforetoctitleskip=\skip52
\cftaftertoctitleskip=\skip53
\cftbeforepartskip=\skip54
\cftpartnumwidth=\skip55
\cftpartindent=\skip56
\cftbeforechapskip=\skip57
\cftchapindent=\skip58
\cftchapnumwidth=\skip59
\cftbeforesecskip=\skip60
\cftsecindent=\skip61
\cftsecnumwidth=\skip62
\cftbeforesubsecskip=\skip63
\cftsubsecindent=\skip64
\cftsubsecnumwidth=\skip65
\cftbeforesubsubsecskip=\skip66
\cftsubsubsecindent=\skip67
\cftsubsubsecnumwidth=\skip68
\cftbeforeparaskip=\skip69
\cftparaindent=\skip70
\cftparanumwidth=\skip71
\cftbeforesubparaskip=\skip72
\cftsubparaindent=\skip73
\cftsubparanumwidth=\skip74
\cftbeforeloftitleskip=\skip75
\cftafterloftitleskip=\skip76
\cftbeforefigskip=\skip77
\cftfigindent=\skip78
\cftfignumwidth=\skip79
\c@lofdepth=\count288
\c@lotdepth=\count289
\cftbeforelottitleskip=\skip80
\cftafterlottitleskip=\skip81
\cftbeforetabskip=\skip82
\cfttabindent=\skip83
\cfttabnumwidth=\skip84
)
(/usr/share/texlive/texmf-dist/tex/latex/titlesec/titlesec.sty
Package: titlesec 2025/01/04 v2.17 Sectioning titles
\ttl@box=\box55
\beforetitleunit=\skip85
\aftertitleunit=\skip86
\ttl@plus=\dimen159
\ttl@minus=\dimen160
\ttl@toksa=\toks23
\titlewidth=\dimen161
\titlewidthlast=\dimen162
\titlewidthfirst=\dimen163
)
(/usr/share/texlive/texmf-dist/tex/latex/tools/tabularx.sty
Package: tabularx 2023/12/11 v2.12a `tabularx' package (DPC)

(/usr/share/texlive/texmf-dist/tex/latex/tools/array.sty
Package: array 2025/09/25 v2.6n Tabular extension package (FMi)
\col@sep=\dimen164
\ar@mcellbox=\box56
\extrarowheight=\dimen165
\NC@list=\toks24
\extratabsurround=\skip87
\backup@length=\skip88
\ar@cellbox=\box57
)
\TX@col@width=\dimen166
\TX@old@table=\dimen167
\TX@old@col=\dimen168
\TX@target=\dimen169
\TX@delta=\dimen170
\TX@cols=\count290
\TX@ftn=\toks25
)
(/usr/share/texlive/texmf-dist/tex/latex/caption/caption.sty
Package: caption 2023/08/05 v3.6o Customizing captions (AR)

(/usr/share/texlive/texmf-dist/tex/latex/caption/caption3.sty
Package: caption3 2023/07/31 v2.4d caption3 kernel (AR)
\caption@tempdima=\dimen171
\captionmargin=\dimen172
\caption@leftmargin=\dimen173
\caption@rightmargin=\dimen174
\caption@width=\dimen175
\caption@indent=\dimen176
\caption@parindent=\dimen177
\caption@hangindent=\dimen178
Package caption Info: Standard document class detected.
)
\c@caption@flags=\count291
\c@continuedfloat=\count292
Package caption Info: float package is loaded.
)
(/usr/share/texlive/texmf-dist/tex/latex/hyperref/hyperref.sty
Package: hyperref 2025-07-12 v7.01o Hypertext links for LaTeX

(/usr/share/texlive/texmf-dist/tex/latex/kvsetkeys/kvsetkeys.sty
Package: kvsetkeys 2022-10-05 v1.19 Key value parser (HO)
)
(/usr/share/texlive/texmf-dist/tex/generic/kvdefinekeys/kvdefinekeys.sty
Package: kvdefinekeys 2019-12-19 v1.6 Define keys (HO)
)
(/usr/share/texlive/texmf-dist/tex/generic/pdfescape/pdfescape.sty
Package: pdfescape 2019/12/09 v1.15 Implements pdfTeX's escape features (HO)

(/usr/share/texlive/texmf-dist/tex/generic/ltxcmds/ltxcmds.sty
Package: ltxcmds 2023-12-04 v1.26 LaTeX kernel commands for general use (HO)
)
(/usr/share/texlive/texmf-dist/tex/generic/pdftexcmds/pdftexcmds.sty
Package: pdftexcmds 2020-06-27 v0.33 Utility functions of pdfTeX for LuaTeX (HO
)

(/usr/share/texlive/texmf-dist/tex/generic/infwarerr/infwarerr.sty
Package: infwarerr 2019/12/03 v1.5 Providing info/warning/error messages (HO)
)
Package pdftexcmds Info: \pdf@primitive is available.
Package pdftexcmds Info: \pdf@ifprimitive is available.
Package pdftexcmds Info: \pdfdraftmode found.
))
(/usr/share/texlive/texmf-dist/tex/latex/hycolor/hycolor.sty
Package: hycolor 2020-01-27 v1.10 Color options for hyperref/bookmark (HO)
)
(/usr/share/texlive/texmf-dist/tex/latex/hyperref/nameref.sty
Package: nameref 2025-06-21 v2.57 Cross-referencing by name of section

(/usr/share/texlive/texmf-dist/tex/latex/refcount/refcount.sty
Package: refcount 2019/12/15 v3.6 Data extraction from label references (HO)
)
(/usr/share/texlive/texmf-dist/tex/generic/gettitlestring/gettitlestring.sty
Package: gettitlestring 2019/12/15 v1.6 Cleanup title references (HO)

(/usr/share/texlive/texmf-dist/tex/latex/kvoptions/kvoptions.sty
Package: kvoptions 2022-06-15 v3.15 Key value format for package options (HO)
))
\c@section@level=\count293
)
(/usr/share/texlive/texmf-dist/tex/latex/etoolbox/etoolbox.sty
Package: etoolbox 2025/10/02 v2.5m e-TeX tools for LaTeX (JAW)
\etb@tempcnta=\count294
)
(/usr/share/texlive/texmf-dist/tex/generic/stringenc/stringenc.sty
Package: stringenc 2019/11/29 v1.12 Convert strings between diff. encodings (HO
)
)
\@linkdim=\dimen179
\Hy@linkcounter=\count295
\Hy@pagecounter=\count296

(/usr/share/texlive/texmf-dist/tex/latex/hyperref/pd1enc.def
File: pd1enc.def 2025-07-12 v7.01o Hyperref: PDFDocEncoding definition (HO)
Now handling font encoding PD1 ...
... no UTF-8 mapping file for font encoding PD1
)
(/usr/share/texlive/texmf-dist/tex/generic/intcalc/intcalc.sty
Package: intcalc 2019/12/15 v1.3 Expandable calculations with integers (HO)
)
\Hy@SavedSpaceFactor=\count297

(/usr/share/texlive/texmf-dist/tex/latex/hyperref/puenc.def
File: puenc.def 2025-07-12 v7.01o Hyperref: PDF Unicode definition (HO)
Now handling font encoding PU ...
... no UTF-8 mapping file for font encoding PU
)
Package hyperref Info: Hyper figures OFF on input line 4195.
Package hyperref Info: Link nesting OFF on input line 4200.
Package hyperref Info: Hyper index ON on input line 4203.
Package hyperref Info: Plain pages OFF on input line 4210.
Package hyperref Info: Backreferencing OFF on input line 4215.
Package hyperref Info: Implicit mode ON; LaTeX internals redefined.
Package hyperref Info: Bookmarks ON on input line 4462.
\c@Hy@tempcnt=\count298

(/usr/share/texlive/texmf-dist/tex/latex/url/url.sty
\Urlmuskip=\muskip17
Package: url 2013/09/16  ver 3.4  Verb mode for urls, etc.
)
LaTeX Info: Redefining \url on input line 4801.
\XeTeXLinkMargin=\dimen180

(/usr/share/texlive/texmf-dist/tex/generic/bitset/bitset.sty
Package: bitset 2019/12/09 v1.3 Handle bit-vector datatype (HO)

(/usr/share/texlive/texmf-dist/tex/generic/bigintcalc/bigintcalc.sty
Package: bigintcalc 2019/12/15 v1.5 Expandable calculations on big integers (HO
)
))
\Fld@menulength=\count299
\Field@Width=\dimen181
\Fld@charsize=\dimen182
Package hyperref Info: Hyper figures OFF on input line 6078.
Package hyperref Info: Link nesting OFF on input line 6083.
Package hyperref Info: Hyper index ON on input line 6086.
Package hyperref Info: backreferencing OFF on input line 6093.
Package hyperref Info: Link coloring OFF on input line 6098.
Package hyperref Info: Link coloring with OCG OFF on input line 6103.
Package hyperref Info: PDF/A mode OFF on input line 6108.
\Hy@abspage=\count300
\c@Item=\count301
\c@Hfootnote=\count302
)
Package hyperref Info: Driver (autodetected): hpdftex.

(/usr/share/texlive/texmf-dist/tex/latex/hyperref/hpdftex.def
File: hpdftex.def 2025-07-12 v7.01o Hyperref driver for pdfTeX
\Fld@listcount=\count303
\c@bookmark@seq@number=\count304

(/usr/share/texlive/texmf-dist/tex/latex/rerunfilecheck/rerunfilecheck.sty
Package: rerunfilecheck 2025-06-21 v1.11 Rerun checks for auxiliary files (HO)

(/usr/share/texlive/texmf-dist/tex/generic/uniquecounter/uniquecounter.sty
Package: uniquecounter 2019/12/15 v1.4 Provide unlimited unique counter (HO)
)
Package uniquecounter Info: New unique counter `rerunfilecheck' on input line 2
84.
)
\Hy@SectionHShift=\skip89
)
(/usr/share/texlive/texmf-dist/tex/latex/booktabs/booktabs.sty
Package: booktabs 2020/01/12 v1.61803398 Publication quality tables
\heavyrulewidth=\dimen183
\lightrulewidth=\dimen184
\cmidrulewidth=\dimen185
\belowrulesep=\dimen186
\belowbottomsep=\dimen187
\aboverulesep=\dimen188
\abovetopsep=\dimen189
\cmidrulesep=\dimen190
\cmidrulekern=\dimen191
\defaultaddspace=\dimen192
\@cmidla=\count305
\@cmidlb=\count306
\@aboverulesep=\dimen193
\@belowrulesep=\dimen194
\@thisruleclass=\count307
\@lastruleclass=\count308
\@thisrulewidth=\dimen195
)
(/usr/share/texlive/texmf-dist/tex/latex/tools/longtable.sty
Package: longtable 2025-10-13 v4.24 Multi-page Table package (DPC)
\LTleft=\skip90
\LTright=\skip91
\LTpre=\skip92
\LTpost=\skip93
\LTchunksize=\count309
\LTcapwidth=\dimen196
\LT@head=\box58
\LT@firsthead=\box59
\LT@foot=\box60
\LT@lastfoot=\box61
\LT@gbox=\box62
\LT@cols=\count310
\LT@rows=\count311
\c@LT@tables=\count312
\c@LT@chunks=\count313
\LT@p@ftn=\toks26
)
(/usr/share/texlive/texmf-dist/tex/latex/amsmath/amsmath.sty
Package: amsmath 2025/07/09 v2.17z AMS math features
\@mathmargin=\skip94

For additional information on amsmath, use the `?' option.
(/usr/share/texlive/texmf-dist/tex/latex/amsmath/amstext.sty
Package: amstext 2024/11/17 v2.01 AMS text

(/usr/share/texlive/texmf-dist/tex/latex/amsmath/amsgen.sty
File: amsgen.sty 1999/11/30 v2.0 generic functions
\@emptytoks=\toks27
\ex@=\dimen197
))
(/usr/share/texlive/texmf-dist/tex/latex/amsmath/amsbsy.sty
Package: amsbsy 1999/11/29 v1.2d Bold Symbols
\pmbraise@=\dimen198
)
(/usr/share/texlive/texmf-dist/tex/latex/amsmath/amsopn.sty
Package: amsopn 2022/04/08 v2.04 operator names
)
\inf@bad=\count314
LaTeX Info: Redefining \frac on input line 233.
\uproot@=\count315
\leftroot@=\count316
LaTeX Info: Redefining \overline on input line 398.
LaTeX Info: Redefining \colon on input line 409.
\classnum@=\count317
\DOTSCASE@=\count318
LaTeX Info: Redefining \ldots on input line 495.
LaTeX Info: Redefining \dots on input line 498.
LaTeX Info: Redefining \cdots on input line 619.
\Mathstrutbox@=\box63
\strutbox@=\box64
LaTeX Info: Redefining \big on input line 721.
LaTeX Info: Redefining \Big on input line 722.
LaTeX Info: Redefining \bigg on input line 723.
LaTeX Info: Redefining \Bigg on input line 724.
\big@size=\dimen199
LaTeX Font Info:    Redeclaring font encoding OML on input line 742.
LaTeX Font Info:    Redeclaring font encoding OMS on input line 743.
\macc@depth=\count319
LaTeX Info: Redefining \bmod on input line 904.
LaTeX Info: Redefining \pmod on input line 909.
LaTeX Info: Redefining \smash on input line 939.
LaTeX Info: Redefining \relbar on input line 969.
LaTeX Info: Redefining \Relbar on input line 970.
\c@MaxMatrixCols=\count320
\dotsspace@=\muskip18
\c@parentequation=\count321
\dspbrk@lvl=\count322
\tag@help=\toks28
\row@=\count323
\column@=\count324
\maxfields@=\count325
\andhelp@=\toks29
\eqnshift@=\dimen256
\alignsep@=\dimen257
\tagshift@=\dimen258
\tagwidth@=\dimen259
\totwidth@=\dimen260
\lineht@=\dimen261
\@envbody=\toks30
\multlinegap=\skip95
\multlinetaggap=\skip96
\mathdisplay@stack=\toks31
LaTeX Info: Redefining \[ on input line 2950.
LaTeX Info: Redefining \] on input line 2951.
)
(/usr/share/texlive/texmf-dist/tex/latex/amsfonts/amssymb.sty
Package: amssymb 2013/01/14 v3.01 AMS font symbols

(/usr/share/texlive/texmf-dist/tex/latex/amsfonts/amsfonts.sty
Package: amsfonts 2013/01/14 v3.01 Basic AMSFonts support
\symAMSa=\mathgroup6
\symAMSb=\mathgroup7
LaTeX Font Info:    Overwriting math alphabet `\mathfrak' in version `bold'
(Font)                  U/euf/m/n --> U/euf/b/n on input line 106.
))
(/usr/share/texlive/texmf-dist/tex/latex/psnfss/pifont.sty
Package: pifont 2020/03/25 PSNFSS-v9.3 Pi font support (SPQR) 
LaTeX Font Info:    Trying to load font information for U+pzd on input line 63.


(/usr/share/texlive/texmf-dist/tex/latex/psnfss/upzd.fd
File: upzd.fd 2001/06/04 font definitions for U/pzd.
)
LaTeX Font Info:    Trying to load font information for U+psy on input line 64.


(/usr/share/texlive/texmf-dist/tex/latex/psnfss/upsy.fd
File: upsy.fd 2001/06/04 font definitions for U/psy.
))
(/usr/share/texlive/texmf-dist/tex/latex/multirow/multirow.sty
Package: multirow 2024/11/12 v2.9 Span multiple rows of a table
\multirow@colwidth=\skip97
\multirow@cntb=\count326
\multirow@dima=\skip98
\bigstrutjot=\dimen262
)
(/usr/share/texlive/texmf-dist/tex/latex/makecell/makecell.sty
Package: makecell 2009/08/03 V0.1e Managing of Tab Column Heads and Cells
\rotheadsize=\dimen263
\c@nlinenum=\count327
\TeXr@lab=\toks32
)
(/usr/share/texlive/texmf-dist/tex/latex/graphics/rotating.sty
Package: rotating 2025/01/14 v2.16e rotated objects in LaTeX

(/usr/share/texlive/texmf-dist/tex/latex/base/ifthen.sty
Package: ifthen 2024/03/16 v1.1e Standard LaTeX ifthen package (DPC)
)
\c@r@tfl@t=\count328
\rotFPtop=\skip99
\rotFPbot=\skip100
\rot@float@box=\box65
\rot@mess@toks=\toks33
)
(/usr/share/texlive/texmf-dist/tex/latex/listings/listings.sty
\lst@mode=\count329
\lst@gtempboxa=\box66
\lst@token=\toks34
\lst@length=\count330
\lst@currlwidth=\dimen264
\lst@column=\count331
\lst@pos=\count332
\lst@lostspace=\dimen265
\lst@width=\dimen266
\lst@newlines=\count333
\lst@lineno=\count334
\lst@maxwidth=\dimen267

(/usr/share/texlive/texmf-dist/tex/latex/listings/lstpatch.sty
File: lstpatch.sty 2025/11/14 1.11b (Carsten Heinz)
)
(/usr/share/texlive/texmf-dist/tex/latex/listings/lstmisc.sty
File: lstmisc.sty 2025/11/14 1.11b (Carsten Heinz)
\c@lstnumber=\count335
\lst@skipnumbers=\count336
\lst@framebox=\box67
)
(/usr/share/texlive/texmf-dist/tex/latex/listings/listings.cfg
File: listings.cfg 2025/11/14 1.11b listings configuration
))
Package: listings 2025/11/14 1.11b (Carsten Heinz)

==> First Aid for listings.sty no longer applied!
    Expected:
        2024/09/23 1.10c (Carsten Heinz)
    but found:
        2025/11/14 1.11b (Carsten Heinz)
    so I'm assuming it got fixed.
(/usr/share/texlive/texmf-dist/tex/latex/xcolor/xcolor.sty
Package: xcolor 2024/09/29 v3.02 LaTeX color extensions (UK)

(/usr/share/texlive/texmf-dist/tex/latex/graphics-cfg/color.cfg
File: color.cfg 2016/01/02 v1.6 sample color configuration
)
Package xcolor Info: Driver file: pdftex.def on input line 274.

(/usr/share/texlive/texmf-dist/tex/latex/graphics/mathcolor.ltx)
Package xcolor Info: Model `cmy' substituted by `cmy0' on input line 1349.
Package xcolor Info: Model `hsb' substituted by `rgb' on input line 1353.
Package xcolor Info: Model `RGB' extended on input line 1365.
Package xcolor Info: Model `HTML' substituted by `rgb' on input line 1367.
Package xcolor Info: Model `Hsb' substituted by `hsb' on input line 1368.
Package xcolor Info: Model `tHsb' substituted by `hsb' on input line 1369.
Package xcolor Info: Model `HSB' substituted by `hsb' on input line 1370.
Package xcolor Info: Model `Gray' substituted by `gray' on input line 1371.
Package xcolor Info: Model `wave' substituted by `hsb' on input line 1372.
)
(/usr/share/texlive/texmf-dist/tex/latex/enumitem/enumitem.sty
Package: enumitem 2025/02/06 v3.11 Customized lists
\labelindent=\skip101
\enit@outerparindent=\dimen268
\enit@toks=\toks35
\enit@inbox=\box68
\enit@count@id=\count337
\enitdp@description=\count338
)
(/usr/share/texlive/texmf-dist/tex/latex/fancyhdr/fancyhdr.sty
Package: fancyhdr 2025/02/07 v5.2 Extensive control of page headers and footers

\f@nch@headwidth=\skip102
\f@nch@offset@elh=\skip103
\f@nch@offset@erh=\skip104
\f@nch@offset@olh=\skip105
\f@nch@offset@orh=\skip106
\f@nch@offset@elf=\skip107
\f@nch@offset@erf=\skip108
\f@nch@offset@olf=\skip109
\f@nch@offset@orf=\skip110
\f@nch@height=\skip111
\f@nch@footalignment=\skip112
\f@nch@widthL=\skip113
\f@nch@widthC=\skip114
\f@nch@widthR=\skip115
\@temptokenb=\toks36
)
(/usr/share/texlive/texmf-dist/tex/latex/mdframed/mdframed.sty
Package: mdframed 2013/07/01 1.9b: mdframed

(/usr/share/texlive/texmf-dist/tex/latex/l3packages/xparse/xparse.sty
(/usr/share/texlive/texmf-dist/tex/latex/l3kernel/expl3.sty
Package: expl3 2026-01-19 L3 programming layer (loader) 

(/usr/share/texlive/texmf-dist/tex/latex/l3backend/l3backend-pdftex.def
File: l3backend-pdftex.def 2025-10-09 L3 backend support: PDF output (pdfTeX)
\l__color_backend_stack_int=\count339
))
Package: xparse 2025-10-09 L3 Experimental document command parser
)
(/usr/share/texlive/texmf-dist/tex/latex/zref/zref-abspage.sty
Package: zref-abspage 2025-06-08 v2.36 Module abspage for zref (HO)

(/usr/share/texlive/texmf-dist/tex/latex/zref/zref-base.sty
Package: zref-base 2025-06-08 v2.36 Module base for zref (HO)

(/usr/share/texlive/texmf-dist/tex/generic/etexcmds/etexcmds.sty
Package: etexcmds 2019/12/15 v1.7 Avoid name clashes with e-TeX commands (HO)
)
(/usr/share/texlive/texmf-dist/tex/latex/auxhook/auxhook.sty
Package: auxhook 2019-12-17 v1.6 Hooks for auxiliary files (HO)
)
Package zref Info: New property list: main on input line 767.
Package zref Info: New property: default on input line 768.
Package zref Info: New property: page on input line 769.
)
\c@abspage=\count340
Package zref Info: New property: abspage on input line 67.
)
(/usr/share/texlive/texmf-dist/tex/latex/needspace/needspace.sty
Package: needspace 2025/03/13 v1.3e reserve vertical space
)
\mdf@templength=\skip116
\c@mdf@globalstyle@cnt=\count341
\mdf@skipabove@length=\skip117
\mdf@skipbelow@length=\skip118
\mdf@leftmargin@length=\skip119
\mdf@rightmargin@length=\skip120
\mdf@innerleftmargin@length=\skip121
\mdf@innerrightmargin@length=\skip122
\mdf@innertopmargin@length=\skip123
\mdf@innerbottommargin@length=\skip124
\mdf@splittopskip@length=\skip125
\mdf@splitbottomskip@length=\skip126
\mdf@outermargin@length=\skip127
\mdf@innermargin@length=\skip128
\mdf@linewidth@length=\skip129
\mdf@innerlinewidth@length=\skip130
\mdf@middlelinewidth@length=\skip131
\mdf@outerlinewidth@length=\skip132
\mdf@roundcorner@length=\skip133
\mdf@footenotedistance@length=\skip134
\mdf@userdefinedwidth@length=\skip135
\mdf@needspace@length=\skip136
\mdf@frametitleaboveskip@length=\skip137
\mdf@frametitlebelowskip@length=\skip138
\mdf@frametitlerulewidth@length=\skip139
\mdf@frametitleleftmargin@length=\skip140
\mdf@frametitlerightmargin@length=\skip141
\mdf@shadowsize@length=\skip142
\mdf@extratopheight@length=\skip143
\mdf@subtitleabovelinewidth@length=\skip144
\mdf@subtitlebelowlinewidth@length=\skip145
\mdf@subtitleaboveskip@length=\skip146
\mdf@subtitlebelowskip@length=\skip147
\mdf@subtitleinneraboveskip@length=\skip148
\mdf@subtitleinnerbelowskip@length=\skip149
\mdf@subsubtitleabovelinewidth@length=\skip150
\mdf@subsubtitlebelowlinewidth@length=\skip151
\mdf@subsubtitleaboveskip@length=\skip152
\mdf@subsubtitlebelowskip@length=\skip153
\mdf@subsubtitleinneraboveskip@length=\skip154
\mdf@subsubtitleinnerbelowskip@length=\skip155

(/usr/share/texlive/texmf-dist/tex/latex/mdframed/md-frame-0.mdf
File: md-frame-0.mdf 2013/07/01\ 1.9b: md-frame-0
)
\mdf@frametitlebox=\box69
\mdf@footnotebox=\box70
\mdf@splitbox@one=\box71
\mdf@splitbox@two=\box72
\mdf@splitbox@save=\box73
\mdfsplitboxwidth=\skip156
\mdfsplitboxtotalwidth=\skip157
\mdfsplitboxheight=\skip158
\mdfsplitboxdepth=\skip159
\mdfsplitboxtotalheight=\skip160
\mdfframetitleboxwidth=\skip161
\mdfframetitleboxtotalwidth=\skip162
\mdfframetitleboxheight=\skip163
\mdfframetitleboxdepth=\skip164
\mdfframetitleboxtotalheight=\skip165
\mdffootnoteboxwidth=\skip166
\mdffootnoteboxtotalwidth=\skip167
\mdffootnoteboxheight=\skip168
\mdffootnoteboxdepth=\skip169
\mdffootnoteboxtotalheight=\skip170
\mdftotallinewidth=\skip171
\mdfboundingboxwidth=\skip172
\mdfboundingboxtotalwidth=\skip173
\mdfboundingboxheight=\skip174
\mdfboundingboxdepth=\skip175
\mdfboundingboxtotalheight=\skip176
\mdf@freevspace@length=\skip177
\mdf@horizontalwidthofbox@length=\skip178
\mdf@verticalmarginwhole@length=\skip179
\mdf@horizontalspaceofbox=\skip180
\mdfsubtitleheight=\skip181
\mdfsubsubtitleheight=\skip182
\c@mdfcountframes=\count342

****** mdframed patching \endmdf@trivlist

****** -- success******

\mdf@envdepth=\count343
\c@mdf@env@i=\count344
\c@mdf@env@ii=\count345
\c@mdf@zref@counter=\count346
Package zref Info: New property: mdf@pagevalue on input line 895.
)
Package hyperref Info: Option `colorlinks' set `true' on input line 76.
LaTeX Font Info:    Trying to load font information for OT1+ptm on input line 7
9.

(/usr/share/texlive/texmf-dist/tex/latex/psnfss/ot1ptm.fd
File: ot1ptm.fd 2001/06/04 font definitions for OT1/ptm.
)
(./btp_report_template.aux)
\openout1 = `btp_report_template.aux'.

LaTeX Font Info:    Checking defaults for OML/cmm/m/it on input line 79.
LaTeX Font Info:    ... okay on input line 79.
LaTeX Font Info:    Checking defaults for OMS/cmsy/m/n on input line 79.
LaTeX Font Info:    ... okay on input line 79.
LaTeX Font Info:    Checking defaults for OT1/cmr/m/n on input line 79.
LaTeX Font Info:    ... okay on input line 79.
LaTeX Font Info:    Checking defaults for T1/cmr/m/n on input line 79.
LaTeX Font Info:    ... okay on input line 79.
LaTeX Font Info:    Checking defaults for TS1/cmr/m/n on input line 79.
LaTeX Font Info:    ... okay on input line 79.
LaTeX Font Info:    Checking defaults for OMX/cmex/m/n on input line 79.
LaTeX Font Info:    ... okay on input line 79.
LaTeX Font Info:    Checking defaults for U/cmr/m/n on input line 79.
LaTeX Font Info:    ... okay on input line 79.
LaTeX Font Info:    Checking defaults for PD1/pdf/m/n on input line 79.
LaTeX Font Info:    ... okay on input line 79.
LaTeX Font Info:    Checking defaults for PU/pdf/m/n on input line 79.
LaTeX Font Info:    ... okay on input line 79.

*geometry* driver: auto-detecting
*geometry* detected driver: pdftex
*geometry* verbose mode - [ preamble ] result:
* driver: pdftex
* paper: a4paper
* layout: <same size as paper>
* layoutoffset:(h,v)=(0.0pt,0.0pt)
* modes: 
* h-part:(L,W,R)=(99.58464pt, 426.79135pt, 71.13188pt)
* v-part:(T,H,B)=(71.13188pt, 702.78308pt, 71.13188pt)
* \paperwidth=597.50787pt
* \paperheight=845.04684pt
* \textwidth=426.79135pt
* \textheight=702.78308pt
* \oddsidemargin=27.31465pt
* \evensidemargin=27.31465pt
* \topmargin=-38.1381pt
* \headheight=12.0pt
* \headsep=25.0pt
* \topskip=12.0pt
* \footskip=30.0pt
* \marginparwidth=35.0pt
* \marginparsep=10.0pt
* \columnsep=10.0pt
* \skip\footins=10.8pt plus 4.0pt minus 2.0pt
* \hoffset=0.0pt
* \voffset=0.0pt
* \mag=1000
* \@twocolumnfalse
* \@twosidefalse
* \@mparswitchfalse
* \@reversemarginfalse
* (1in=72.27pt=25.4mm, 1cm=28.453pt)

(/usr/share/texlive/texmf-dist/tex/context/base/mkii/supp-pdf.mkii
[Loading MPS to PDF converter (version 2006.09.02).]
\scratchcounter=\count347
\scratchdimen=\dimen269
\scratchbox=\box74
\nofMPsegments=\count348
\nofMParguments=\count349
\everyMPshowfont=\toks37
\MPscratchCnt=\count350
\MPscratchDim=\dimen270
\MPnumerator=\count351
\makeMPintoPDFobject=\count352
\everyMPtoPDFconversion=\toks38
) (/usr/share/texlive/texmf-dist/tex/latex/epstopdf-pkg/epstopdf-base.sty
Package: epstopdf-base 2020-01-24 v2.11 Base part for package epstopdf
Package epstopdf-base Info: Redefining graphics rule for `.eps' on input line 4
85.

(/usr/share/texlive/texmf-dist/tex/latex/latexconfig/epstopdf-sys.cfg
File: epstopdf-sys.cfg 2010/07/13 v1.3 Configuration of (r)epstopdf for TeX Liv
e
))
Package caption Info: Begin \AtBeginDocument code.
Package caption Info: hyperref package is loaded.
Package caption Info: listings package is loaded.
Package caption Info: longtable package is loaded.

(/usr/share/texlive/texmf-dist/tex/latex/caption/ltcaption.sty
Package: ltcaption 2021/01/08 v1.4c longtable captions (AR)
)
Package caption Info: rotating package is loaded.
Package caption Info: End \AtBeginDocument code.
Package hyperref Info: Link coloring ON on input line 79.

(./btp_report_template.out) (./btp_report_template.out)
\@outlinefile=\write3
\openout3 = `btp_report_template.out'.

\c@lstlisting=\count353
<logo.jpg, id=506, 200.75pt x 200.75pt>
File: logo.jpg Graphic file (type jpg)
<use logo.jpg>
Package pdftex.def Info: logo.jpg  used on input line 104.
(pdftex.def)             Requested size: 113.81102pt x 113.81297pt.
 [1

{/var/lib/texmf/fonts/map/pdftex/updmap/pdftex.map}{/usr/share/texlive/texmf-di
st/fonts/enc/dvips/base/8r.enc} <./logo.jpg>]
File: logo.jpg Graphic file (type jpg)
<use logo.jpg>
Package pdftex.def Info: logo.jpg  used on input line 125.
(pdftex.def)             Requested size: 71.13188pt x 71.13348pt.
LaTeX Font Info:    Trying to load font information for OT1+ztmcm on input line
 126.

(/usr/share/texlive/texmf-dist/tex/latex/psnfss/ot1ztmcm.fd
File: ot1ztmcm.fd 2000/01/03 Fontinst v1.801 font definitions for OT1/ztmcm.
)
LaTeX Font Info:    Trying to load font information for OML+ztmcm on input line
 126.

(/usr/share/texlive/texmf-dist/tex/latex/psnfss/omlztmcm.fd
File: omlztmcm.fd 2000/01/03 Fontinst v1.801 font definitions for OML/ztmcm.
)
LaTeX Font Info:    Trying to load font information for OMS+ztmcm on input line
 126.

(/usr/share/texlive/texmf-dist/tex/latex/psnfss/omsztmcm.fd
File: omsztmcm.fd 2000/01/03 Fontinst v1.801 font definitions for OMS/ztmcm.
)
LaTeX Font Info:    Trying to load font information for OMX+ztmcm on input line
 126.

(/usr/share/texlive/texmf-dist/tex/latex/psnfss/omxztmcm.fd
File: omxztmcm.fd 2000/01/03 Fontinst v1.801 font definitions for OMX/ztmcm.
)
LaTeX Font Info:    Font shape `OT1/ptm/bx/n' in size <12> not available
(Font)              Font shape `OT1/ptm/b/n' tried instead on input line 126.
LaTeX Font Info:    Font shape `OT1/ptm/bx/n' in size <9> not available
(Font)              Font shape `OT1/ptm/b/n' tried instead on input line 126.
LaTeX Font Info:    Font shape `OT1/ptm/bx/n' in size <7> not available
(Font)              Font shape `OT1/ptm/b/n' tried instead on input line 126.

Overfull \hbox (12.0pt too wide) in paragraph at lines 150--156
[] 
 []

[1

]
File: logo.jpg Graphic file (type jpg)
<use logo.jpg>
Package pdftex.def Info: logo.jpg  used on input line 170.
(pdftex.def)             Requested size: 71.13188pt x 71.13348pt.
 [2

] [3

] [4

] (./btp_report_template.toc [5

] [6] [7] [8])
\tf@toc=\write4
\openout4 = `btp_report_template.toc'.

 [9]
(./btp_report_template.lof)
\tf@lof=\write5
\openout5 = `btp_report_template.lof'.

 [10

] (./btp_report_template.lot)
\tf@lot=\write6
\openout6 = `btp_report_template.lot'.

 [11

]
Chapter 1.

pdfTeX warning (ext4): destination with the same identifier (name{page.1}) has 
been already used, duplicate ignored
<to be read again> 
                   \relax 
l.273 
       [1


]
LaTeX Font Info:    Trying to load font information for TS1+ptm on input line 2
82.
 (/usr/share/texlive/texmf-dist/tex/latex/psnfss/ts1ptm.fd
File: ts1ptm.fd 2001/06/04 font definitions for TS1/ptm.
) [2]
Overfull \hbox (23.87541pt too wide) in paragraph at lines 299--300
[]\OT1/ptm/m/n/12 Design a pre-mium, dark-mode glass-mor-phism UI/UX with pro-f
es-sional micro-animations
 []

[3] [4]
Chapter 2.
[5

]
Overfull \hbox (5.70584pt too wide) in paragraph at lines 348--348
|[]\OT1/ptm/b/n/17.28 Comparative Anal-y-sis: Evently vs. Ex-ist-ing Plat-forms
| 
 []


Overfull \hbox (0.75969pt too wide) in paragraph at lines 356--356
[]|\OT1/ptm/b/n/12 BookMyShow| 
 []


Underfull \hbox (badness 1117) in paragraph at lines 360--360
[]|\OT1/ptm/m/n/12 Distributed Rate Lim-
 []


Overfull \hbox (33.94716pt too wide) in paragraph at lines 354--383
 [][] 
 []

[6]
Overfull \hbox (3.87166pt too wide) in paragraph at lines 387--388
[]\OT1/ptm/b/n/12 Unprecedented Se-cu-rity: \OT1/ptm/m/n/12 Uti-liz-ing HttpOnl
y cook-ies, JWT dig-i-tal sig-na-tures, TOTP
 []

[7] [8]
Chapter 3.
[9

]
Underfull \hbox (badness 1783) in paragraph at lines 430--430
[]|\OT1/ptm/m/n/12 Create and man-age events,
 []


Underfull \hbox (badness 10000) in paragraph at lines 436--436
[]|\OT1/ptm/b/n/12 Payment Gate-
 []


Underfull \hbox (badness 2189) in paragraph at lines 436--437
[]|\OT1/ptm/m/n/12 Transaction se-cu-rity, low fail-ure
 []


Overfull \hbox (9.14719pt too wide) in paragraph at lines 424--439
 [][] 
 []

[10] [11]
Underfull \hbox (badness 10000) in paragraph at lines 501--501
[]|\OT1/ptm/m/n/12 HttpOnly cook-ies,
 []


Underfull \hbox (badness 6792) in paragraph at lines 501--502
[]|\OT1/ptm/m/n/12 express-rate-limit + Re-dis,
 []


Underfull \hbox (badness 10000) in paragraph at lines 505--506
[]|\OT1/ptm/m/n/12 Stateless back-end, Post-
 []


Underfull \hbox (badness 10000) in paragraph at lines 509--510
[]|\OT1/ptm/m/n/12 Controller/Service/Route
 []


Underfull \hbox (badness 6396) in paragraph at lines 511--512
[]|\OT1/ptm/m/n/12 Responsive CSS, se-man-tic
 []


Underfull \hbox (badness 1533) in paragraph at lines 513--514
[]|\OT1/ptm/m/n/12 Immutable append-only au-
 []

[12] [13]
Chapter 4.
[14

]
Overfull \hbox (6.15225pt too wide) in paragraph at lines 550--551
[]\OT1/ptm/b/n/12 Atomicity: \OT1/ptm/m/n/12 A book-ing trans-ac-tion (decre-me
nt-ing ca-pac-ity + in-sert-ing book-ing record)
 []

[15]
Overfull \hbox (80.70798pt too wide) in paragraph at lines 574--575
\OT1/ptm/m/n/12 A JWT con-sists of three Base64URL-encoded seg-ments sep-a-rate
d by dots: \OT1/cmtt/m/n/12 Header.Payload.Signature\OT1/ptm/m/n/12 . 
 []


Overfull \hbox (1.59312pt too wide) detected at line 592
[][][][]\OT1/ztmcm/m/n/12 (\OML/ztmcm/m/it/12 K; T\OT1/ztmcm/m/n/12 ) = [](\OML
/ztmcm/m/it/12 K; T\OT1/ztmcm/m/n/12 ) = [] [] []  10[]
 []

[16]
Underfull \hbox (badness 10000) in paragraph at lines 609--609
[]|\OT1/ptm/m/n/12 Frontend Frame-
 []


Underfull \hbox (badness 1033) in paragraph at lines 613--613
[]|\OT1/ptm/m/n/12 Tailwind CSS + Cus-
 []


Underfull \hbox (badness 10000) in paragraph at lines 619--620
[]|\OT1/ptm/m/n/12 Type-safe full-stack de-vel-op-
 []


Underfull \hbox (badness 6380) in paragraph at lines 629--629
[]|\OT1/ptm/m/n/12 Nodemailer + Gmail
 []

[17] [18]
Chapter 5.
<./report_images/admin.png, id=848, 1361.085pt x 765.86125pt>
File: ./report_images/admin.png Graphic file (type png)
<use ./report_images/admin.png>
Package pdftex.def Info: ./report_images/admin.png  used on input line 652.
(pdftex.def)             Requested size: 398.33858pt x 224.13913pt.
<./report_images/use_case.png, id=849, 246.6816pt x 246.6816pt>
File: ./report_images/use_case.png Graphic file (type png)
<use ./report_images/use_case.png>
Package pdftex.def Info: ./report_images/use_case.png  used on input line 662.
(pdftex.def)             Requested size: 398.33858pt x 398.37608pt.
[19

 <./report_images/admin.png (PNG copy)>] [20 <./report_images/use_case.png>]
<./report_images/dfd_level0.png, id=859, 246.6816pt x 246.6816pt>
File: ./report_images/dfd_level0.png Graphic file (type png)
<use ./report_images/dfd_level0.png>
Package pdftex.def Info: ./report_images/dfd_level0.png  used on input line 682
.
(pdftex.def)             Requested size: 398.33858pt x 398.37608pt.
[21 <./report_images/dfd_level0.png>]
<./report_images/erd.png, id=865, 246.6816pt x 246.6816pt>
File: ./report_images/erd.png Graphic file (type png)
<use ./report_images/erd.png>
Package pdftex.def Info: ./report_images/erd.png  used on input line 701.
(pdftex.def)             Requested size: 426.79134pt x 426.83232pt.
 [22]
Underfull \hbox (badness 10000) in paragraph at lines 715--715
[]|\OT1/ptm/m/n/12 id, name, email, pass-word-Hash, role
 []


Underfull \hbox (badness 3333) in paragraph at lines 715--716
[]|\OT1/ptm/m/n/12 1:N Book-ing,
 []


Underfull \hbox (badness 3333) in paragraph at lines 717--718
[]|\OT1/ptm/m/n/12 1:N Book-ing,
 []


Underfull \hbox (badness 2343) in paragraph at lines 727--727
[]|\OT1/ptm/m/n/12 id, name, ad-dress, ca-pac-ity, de-scrip-tion, lay-out
 []


Underfull \hbox (badness 10000) in paragraph at lines 727--728
[]|\OT1/ptm/m/n/12 1:N Event,
 []


Underfull \hbox (badness 10000) in paragraph at lines 727--728
\OT1/ptm/m/n/12 1:N Venue-
 []


Underfull \hbox (badness 3954) in paragraph at lines 731--732
[]|\OT1/ptm/m/n/12 N:N Book-ing
 []


Overfull \hbox (23.37357pt too wide) in paragraph at lines 711--734
 [][] 
 []

[23 <./report_images/erd.png>] [24]
Overfull \hbox (40.2522pt too wide) in paragraph at lines 748--749
[]\OT1/ptm/m/n/12 Backend ver-i-fies HMAC-SHA256 sig-na-ture of \OT1/cmtt/m/n/1
2 razorpayOrderId + razorpayPaymentId\OT1/ptm/m/n/12 . 
 []


Overfull \hbox (30.73299pt too wide) in paragraph at lines 758--759
[]\OT1/ptm/m/n/12 Camera app opens: \OT1/cmtt/m/n/12 https://evently.app/verify
-ticket?bookingId=X&token=JWT 
 []

LaTeX Font Info:    Trying to load font information for OMS+cmtt on input line 
762.
LaTeX Font Info:    No file OMScmtt.fd. on input line 762.

LaTeX Font Warning: Font shape `OMS/cmtt/m/n' undefined
(Font)              using `OMS/cmsy/m/n' instead
(Font)              for symbol `textbraceleft' on input line 762.


Overfull \hbox (5.21597pt too wide) in paragraph at lines 762--763
[]\OT1/ptm/m/n/12 On sig-na-ture mis-match: re-turns \OMS/cmtt/m/n/12 f\OT1/cmt
t/m/n/12 status:"error", message:"Invalid token"\OMS/cmtt/m/n/12 g\OT1/ptm/m/n/
12 . 
 []

[25]
Overfull \hbox (2.64476pt too wide) in paragraph at lines 794--794
[]|\OT1/ptm/m/n/12 DELETE| 
 []


Overfull \hbox (7.3208pt too wide) in paragraph at lines 774--809
 [][] 
 []

[26]
Chapter 6.
(/usr/share/texlive/texmf-dist/tex/latex/listings/lstlang1.sty
File: lstlang1.sty 2025/11/14 1.11b listings language file
)
(/usr/share/texlive/texmf-dist/tex/latex/listings/lstlang1.sty
File: lstlang1.sty 2025/11/14 1.11b listings language file
)
Package hyperref Info: bookmark level for unknown lstlisting defaults to 0 on i
nput line 817.
 [27

] [28]
[29] [30] [31] [32] [33] [34] [35] [36] [37]
Chapter 7.

Overfull \hbox (48.39243pt too wide) in paragraph at lines 1168--1169
[]\OT1/ptm/b/n/12 Frosted Glass Cards: \OT1/cmtt/m/n/12 background: rgba(255,25
5,255,0.04) \OT1/ptm/m/n/12 with \OT1/cmtt/m/n/12 backdrop-filter:
 []


Overfull \hbox (27.14565pt too wide) in paragraph at lines 1169--1170
[]\OT1/ptm/b/n/12 Indigo/Blue Gra-di-ent Ac-cents: \OT1/ptm/m/n/12 Pri-mary CTA
 el-e-ments use \OT1/cmtt/m/n/12 linear-gradient(135deg,
 []

[38

]
<./report_images/landing.png, id=1197, 1240.635pt x 665.48625pt>
File: ./report_images/landing.png Graphic file (type png)
<use ./report_images/landing.png>
Package pdftex.def Info: ./report_images/landing.png  used on input line 1199.
(pdftex.def)             Requested size: 424.32808pt x 227.61287pt.
 [39 <./report_images/landing.png (PNG copy)>]
<./report_images/events.png, id=1211, 1240.635pt x 665.48625pt>
File: ./report_images/events.png Graphic file (type png)
<use ./report_images/events.png>
Package pdftex.def Info: ./report_images/events.png  used on input line 1218.
(pdftex.def)             Requested size: 424.32808pt x 227.61287pt.

Overfull \hbox (35.00055pt too wide) in paragraph at lines 1228--1229
[]\OT1/ptm/b/n/12 Event Cards: \OT1/ptm/m/n/12 Fea-ture im-age with zoom-on-hov
er ef-fect, ca-pac-ity fill bar (green/amber/red),
 []

[40 <./report_images/events.png (PNG copy)>]
<./report_images/event_detail.png, id=1216, 1361.085pt x 765.86125pt>
File: ./report_images/event_detail.png Graphic file (type png)
<use ./report_images/event_detail.png>
Package pdftex.def Info: ./report_images/event_detail.png  used on input line 1
237.
(pdftex.def)             Requested size: 404.52803pt x 227.62158pt.
 [41 <./report_images/event_detail.png (PNG copy)>]
<./report_images/login.png, id=1221, 1240.635pt x 665.48625pt>
File: ./report_images/login.png Graphic file (type png)
<use ./report_images/login.png>
Package pdftex.def Info: ./report_images/login.png  used on input line 1258.
(pdftex.def)             Requested size: 424.32808pt x 227.61287pt.
<./report_images/register.png, id=1222, 1240.635pt x 665.48625pt>
File: ./report_images/register.png Graphic file (type png)
<use ./report_images/register.png>
Package pdftex.def Info: ./report_images/register.png  used on input line 1264.

(pdftex.def)             Requested size: 424.32808pt x 227.61287pt.
 [42 <./report_images/login.png (PNG copy)> <./report_images/register.png (PNG 
copy)>]
<./report_images/dashboard.png, id=1227, 1240.635pt x 665.48625pt>
File: ./report_images/dashboard.png Graphic file (type png)
<use ./report_images/dashboard.png>
Package pdftex.def Info: ./report_images/dashboard.png  used on input line 1275
.
(pdftex.def)             Requested size: 424.32808pt x 227.61287pt.
 [43 <./report_images/dashboard.png (PNG copy)>]
<./report_images/bookings.png, id=1233, 1361.085pt x 765.86125pt>
File: ./report_images/bookings.png Graphic file (type png)
<use ./report_images/bookings.png>
Package pdftex.def Info: ./report_images/bookings.png  used on input line 1293.

(pdftex.def)             Requested size: 341.43346pt x 192.11926pt.
<./report_images/verify.png, id=1234, 1240.635pt x 665.48625pt>
File: ./report_images/verify.png Graphic file (type png)
<use ./report_images/verify.png>
Package pdftex.def Info: ./report_images/verify.png  used on input line 1302.
(pdftex.def)             Requested size: 227.62082pt x 122.09758pt.
File: ./report_images/admin.png Graphic file (type png)
<use ./report_images/admin.png>
Package pdftex.def Info: ./report_images/admin.png  used on input line 1318.
(pdftex.def)             Requested size: 404.52803pt x 227.62158pt.

[44 <./report_images/bookings.png (PNG copy)> <./report_images/verify.png (PNG 
copy)>]
<./report_images/analytics.png, id=1239, 1361.085pt x 765.86125pt>
File: ./report_images/analytics.png Graphic file (type png)
<use ./report_images/analytics.png>
Package pdftex.def Info: ./report_images/analytics.png  used on input line 1335
.
(pdftex.def)             Requested size: 404.52803pt x 227.62158pt.
 [45]
File: ./report_images/bookings.png Graphic file (type png)
<use ./report_images/bookings.png>
Package pdftex.def Info: ./report_images/bookings.png  used on input line 1355.

(pdftex.def)             Requested size: 341.43346pt x 192.11926pt.
 [46 <./report_images/analytics.png (PNG copy)>]
Overfull \hbox (3.70036pt too wide) in paragraph at lines 1369--1369
|[]\OT1/ptm/b/n/17.28 UI In-ter-ac-tion De-sign: Micro-Animations Cat-a-logue| 

 []


Overfull \hbox (23.91542pt too wide) in paragraph at lines 1381--1381
[]|\OT1/cmtt/m/n/12 .event-card-img-wrap| 
 []


Underfull \hbox (badness 2478) in paragraph at lines 1383--1384
[]|\OT1/ptm/m/n/12 Lift 2px + glow + shim-mer
 []


Underfull \hbox (badness 6380) in paragraph at lines 1389--1390
[]|\OT1/ptm/m/n/12 Lift + bor-der ac-cent + bg
 []

[47] [48]
Chapter 8.

Underfull \hbox (badness 10000) in paragraph at lines 1430--1431
[]|\OT1/cmtt/m/n/12 isSuspicious:
 []


Underfull \hbox (badness 1270) in paragraph at lines 1432--1432
[]|\OT1/ptm/m/n/12 Velocity vi-o-la-tion (4 book-
 []


Underfull \hbox (badness 10000) in paragraph at lines 1432--1433
[]|\OT1/cmtt/m/n/12 isSuspicious:
 []


Underfull \hbox (badness 4859) in paragraph at lines 1434--1434
[]|\OT1/ptm/m/n/12 Volume vi-o-la-tion (book-ing
 []


Underfull \hbox (badness 10000) in paragraph at lines 1434--1434
[]|\OT1/ptm/m/n/12 quantity=200, ca-pac-
 []


Underfull \hbox (badness 10000) in paragraph at lines 1434--1435
[]|\OT1/cmtt/m/n/12 isSuspicious:
 []


Underfull \hbox (badness 5711) in paragraph at lines 1436--1436
[]|\OT1/ptm/m/n/12 Boundary case (ex-actly 3
 []


Underfull \hbox (badness 10000) in paragraph at lines 1436--1437
[]|\OT1/cmtt/m/n/12 isSuspicious:
 []


Underfull \hbox (badness 7740) in paragraph at lines 1438--1438
[]|\OT1/ptm/m/n/12 Volume bound-ary (ex-actly
 []


Underfull \hbox (badness 10000) in paragraph at lines 1438--1438
[]|\OT1/ptm/m/n/12 quantity=150, ca-pac-
 []


Underfull \hbox (badness 10000) in paragraph at lines 1438--1439
[]|\OT1/cmtt/m/n/12 isSuspicious:
 []


Overfull \hbox (7.3208pt too wide) in paragraph at lines 1426--1441
 [][] 
 []

[49

]
Underfull \hbox (badness 10000) in paragraph at lines 1453--1454
[]|\OT1/ptm/m/n/12 Valid JWT
 []


Underfull \hbox (badness 10000) in paragraph at lines 1455--1456
[]|\OT1/cmtt/m/n/12 valid:
 []


Underfull \hbox (badness 10000) in paragraph at lines 1457--1458
[]|\OT1/ptm/m/n/12 Signature
 []


Underfull \hbox (badness 10000) in paragraph at lines 1461--1462
[]|\OT1/ptm/m/n/12 Buffer with
 []


Overfull \hbox (21.54716pt too wide) in paragraph at lines 1449--1464
 [][] 
 []


Underfull \hbox (badness 1902) in paragraph at lines 1482--1483
[]|\OT1/ptm/m/n/12 401 Unau-tho-
 []


Underfull \hbox (badness 10000) in paragraph at lines 1484--1485
[]|\OT1/ptm/m/n/12 200 + pag-i-
 []


Underfull \hbox (badness 7012) in paragraph at lines 1486--1487
[]|\OT1/ptm/m/n/12 200 + event
 []


Underfull \hbox (badness 1902) in paragraph at lines 1492--1493
[]|\OT1/ptm/m/n/12 401 Unau-tho-
 []


Underfull \hbox (badness 2452) in paragraph at lines 1496--1497
[]|\OT1/ptm/m/n/12 400 Bad Re-
 []


Overfull \hbox (19.72078pt too wide) in paragraph at lines 1472--1503
 [][] 
 []

[50]
Underfull \hbox (badness 10000) in paragraph at lines 1517--1517
[]|\OT1/ptm/m/n/12 Role-based mid-dle-ware
 []


Underfull \hbox (badness 1917) in paragraph at lines 1521--1521
[]|\OT1/ptm/m/n/12 Prisma ORM pa-ram-e-ter-
 []


Underfull \hbox (badness 1360) in paragraph at lines 1523--1523
\OT1/ptm/m/n/12 Fraud En-gine; OCC for
 []


Underfull \hbox (badness 10000) in paragraph at lines 1529--1529
[]|\OT1/ptm/m/n/12 TOTP MFA; HttpOnly
 []


Underfull \hbox (badness 1360) in paragraph at lines 1529--1529
\OT1/ptm/m/n/12 cook-ies; brute-force rate
 []


Underfull \hbox (badness 10000) in paragraph at lines 1531--1531
[]|\OT1/ptm/m/n/12 Razorpay HMAC-
 []


Underfull \hbox (badness 2626) in paragraph at lines 1533--1533
[]|\OT1/ptm/m/n/12 Immutable Au-dit-Log ta-
 []

[51] [52]
Overfull \vbox (54.59047pt too high) has occurred while \output is active []


[53]
Overfull \hbox (36.77711pt too wide) in paragraph at lines 1542--1544
\OT1/ptm/b/n/12 Test 1 --" Cross-Site Script-ing (XSS): \OT1/ptm/m/n/12 In-ject
ed the pay-load \OT1/cmtt/m/n/12 <script>alert('XSS')</script>
 []


Overfull \hbox (13.95894pt too wide) in paragraph at lines 1548--1550
[]\OT1/ptm/b/n/12 Test 3 --" Brute-Force Lo-gin: \OT1/ptm/m/n/12 Is-sued 15 se-
quen-tial POST re-quests to \OT1/cmtt/m/n/12 /api/auth/login
 []

[54]
Underfull \hbox (badness 10000) in paragraph at lines 1613--1613
[]|\OT1/ptm/m/n/12 GET /api/events (Re-dis
 []


Underfull \hbox (badness 10000) in paragraph at lines 1617--1617
[]|\OT1/ptm/m/n/12 POST /api/bookings (with
 []


Underfull \hbox (badness 10000) in paragraph at lines 1623--1623
[]|\OT1/ptm/m/n/12 GET /api/admin/analytics
 []


Overfull \hbox (21.54718pt too wide) in paragraph at lines 1607--1626
 [][] 
 []

[55]
Underfull \hbox (badness 1043) in paragraph at lines 1644--1644
\OT1/ptm/m/n/12 QR on mo-bile $\OMS/ztmcm/m/n/12 !$ \OT1/ptm/m/n/12 see verify-

 []


Underfull \hbox (badness 2245) in paragraph at lines 1648--1648
[]|\OT1/ptm/m/n/12 Admin lo-gin $\OMS/ztmcm/m/n/12 !$ \OT1/ptm/m/n/12 cre-ate e
vent
 []

[56] [57]
Chapter 9.

Overfull \hbox (14.79764pt too wide) in paragraph at lines 1673--1673
[]|\OT1/ptm/m/n/12 postgresql://user:pass@
 []


Overfull \hbox (4.41786pt too wide) in paragraph at lines 1675--1675
[]|\OT1/ptm/m/n/12 redis://localhost:6379| 
 []


Underfull \hbox (badness 3333) in paragraph at lines 1677--1678
[]|\OT1/ptm/m/n/12 JWT sign-ing se-cret (min 32
 []


Underfull \hbox (badness 10000) in paragraph at lines 1689--1689
[]|\OT1/ptm/m/n/12 [app-specific pass-
 []

[58

] [59] [60]
File: ./report_images/admin.png Graphic file (type png)
<use ./report_images/admin.png>
Package pdftex.def Info: ./report_images/admin.png  used on input line 1756.
(pdftex.def)             Requested size: 353.95683pt x 199.16597pt.
 [61] [62]
Chapter 10.

Overfull \hbox (3.10394pt too wide) in paragraph at lines 1786--1787
[]\OT1/ptm/b/n/12 Enterprise Au-then-ti-ca-tion: \OT1/ptm/m/n/12 The full au-th
en-ti-ca-tion stack--"email ver-i-fi-ca-tion, bcrypt
 []

[63

] [64] [65] [66] [67]
Underfull \hbox (badness 2726) in paragraph at lines 1878--1879
[]\OT1/ptm/m/n/12 OpenJS Foun-da-tion. (2024). \OT1/ptm/m/it/12 Node.js Doc-u-m
en-ta-tion: Event Loop, Timers,
 []


Underfull \hbox (badness 1137) in paragraph at lines 1887--1888
[]\OT1/ptm/m/n/12 Wathan, A. (2024). \OT1/ptm/m/it/12 Tail-wind CSS Doc-u-men-t
a-tion\OT1/ptm/m/n/12 . Re-trieved from [][]$\OT1/cmtt/m/n/12 https : / /
 []

[68


] [69] (./btp_report_template.aux)
 ***********
LaTeX2e <2025-11-01>
L3 programming layer <2026-01-19>
 ***********


LaTeX Font Warning: Some font shapes were not available, defaults substituted.

Package rerunfilecheck Info: File `btp_report_template.out' has not changed.
(rerunfilecheck)             Checksum: D2C6B146DB668069CD57F3B79FFB5DA0;25233.
 ) 
Here is how much of TeX's memory you used:
 18026 strings out of 469514
 281377 string characters out of 5470073
 1112251 words of memory out of 5000000
 45822 multiletter control sequences out of 15000+600000
 666072 words of font info for 118 fonts, out of 8000000 for 9000
 14 hyphenation exceptions out of 8191
 76i,17n,79p,865b,2108s stack positions out of 10000i,1000n,20000p,200000b,200000s
 </home/h3xi/.texlive2025/texmf-var/fonts/pk/ljfour/jknappen/ec/tctt1000.600p
k></usr/share/texlive/texmf-dist/fonts/type1/public/amsfonts/cm/cmmi10.pfb></us
r/share/texlive/texmf-dist/fonts/type1/public/amsfonts/cm/cmr10.pfb></usr/share
/texlive/texmf-dist/fonts/type1/public/amsfonts/cm/cmsy10.pfb></usr/share/texli
ve/texmf-dist/fonts/type1/public/amsfonts/cm/cmtt10.pfb></usr/share/texlive/tex
mf-dist/fonts/type1/public/amsfonts/cm/cmtt12.pfb></usr/share/texlive/texmf-dis
t/fonts/type1/public/amsfonts/symbols/msam10.pfb></usr/share/texlive/texmf-dist
/fonts/type1/urw/symbol/usyr.pfb></usr/share/texlive/texmf-dist/fonts/type1/urw
/times/utmb8a.pfb></usr/share/texlive/texmf-dist/fonts/type1/urw/times/utmr8a.p
fb></usr/share/texlive/texmf-dist/fonts/type1/urw/times/utmri8a.pfb>
Output written on btp_report_template.pdf (81 pages, 3556230 bytes).
PDF statistics:
 1588 PDF objects out of 1728 (max. 8388607)
 1455 compressed objects within 15 object streams
 573 named destinations out of 1000 (max. 500000)
 1071 words of extra memory for PDF output out of 10000 (max. 10000000)

